// Vitest Snapshot v1, https://vitest.dev/guide/snapshot.html

exports[`HomeView unit tests > should match the snapshot 1`] = `"<main class="flex flex-col items-center justify-center gap-5"><span class="flex flex-col items-center justify-center gap-2"><h1 class="mt-16 text-5xl">Color Drop</h1><p class="text-xl text-center"> A simple color picker to search for products with similar shades! </p></span></main>"`;
