// Vitest Snapshot v1, https://vitest.dev/guide/snapshot.html

exports[`HomeImageRender unit tests > should match the snapshot 1`] = `"<span class="relative max-h-[500px]"><button class="absolute right-1 top-1 flex h-6 w-6 flex-col items-center justify-center rounded-md bg-white"><v-icon name="md-close"></v-icon></button><!--v-if--></span>"`;
